// Jest Snapshot v1, https://goo.gl/fbAQLP

exports[`App should match its snapshot 1`] = `
<div
  className="App"
>
  <Connect(Debug) />
</div>
`;
