// Jest Snapshot v1, https://goo.gl/fbAQLP

exports[`Test component should match its snapshot by default 1`] = `
<Provider
  store={
    Object {
      "clearActions": [Function],
      "dispatch": [Function],
      "getActions": [Function],
      "getState": [Function],
      "replaceReducer": [Function],
      "subscribe": [Function],
    }
  }
>
  <Connect(Test)>
    <Test
      dispatch={[Function]}
    >
      <div
        className="Test"
      />
    </Test>
  </Connect(Test)>
</Provider>
`;
