// Jest Snapshot v1, https://goo.gl/fbAQLP

exports[`Button should match its snapshot 1`] = `
<button
  className="Button"
  type="button"
/>
`;
