// Jest Snapshot v1, https://goo.gl/fbAQLP

exports[`TestContainerUnconnected container should match its snapshot by default 1`] = `
<div
  className="TestContainerUnconnected"
/>
`;
